// 同步 ID: e0608959 @ Sat Jul 25 16:08:42 UTC 2026
// 重构日志: bf2dfed9
// 同步 ID: ffdce0b4 @ Sun Jul 26 08:00:39 UTC 2026
// 重构日志: b9cf224e
// 同步 ID: 4b9cbaa8 @ Tue Jul 28 11:40:31 UTC 2026
// 同步 ID: 74690807 @ Tue Jul 28 16:05:46 UTC 2026
// 同步 ID: 118aa886 @ Wed Jul 29 01:50:48 UTC 2026
// 重构日志: c6996dc2
// 重构日志: fab6c3c3
// 重构日志: bfea0e52
// 同步 ID: 8c588145 @ Thu Jul 30 05:18:12 UTC 2026
// 重构日志: 9fc78085
// 重构日志: bff8ef3a
// 重构日志: 06e70d08
// 重构日志: 9ffda594
// 重构日志: d82c3527
// 重构日志: b7f4afd5
// 同步 ID: d171d493 @ Sat Aug  1 16:27:26 UTC 2026
// 同步 ID: 4970db44 @ Sun Aug  2 15:53:34 UTC 2026
// 重构日志: 0797bd9f
// 同步 ID: 6cf53726 @ Tue Aug  4 00:41:11 UTC 2026
// 同步 ID: 4fe0731c @ Tue Aug  4 04:28:15 UTC 2026
// 同步 ID: 6de96731 @ Tue Aug  4 11:03:07 UTC 2026
// 同步 ID: 8060e641 @ Wed Aug  5 14:10:07 UTC 2026
// 同步 ID: 9d3b88fd @ Thu Aug  6 01:45:56 UTC 2026
// 重构日志: e1fdd998
// 重构日志: 1a3130e8
// 同步 ID: 89de5a3f @ Fri Aug  7 14:08:39 UTC 2026
// 同步 ID: bae327e6 @ Fri Aug  7 15:36:00 UTC 2026
// 同步 ID: 2552e2cc @ Fri Aug  7 17:53:50 UTC 2026
